------------------------------------------------------------
Timing Analyzer Summary
------------------------------------------------------------

Type  : Slow 1100mV 85C Model Setup 'clk'
Slack : -7.629
TNS   : -65301.286

Type  : Slow 1100mV 85C Model Hold 'clk'
Slack : 0.233
TNS   : 0.000

Type  : Slow 1100mV 85C Model Recovery 'clk'
Slack : -0.202
TNS   : -2.789

Type  : Slow 1100mV 85C Model Removal 'clk'
Slack : 0.670
TNS   : 0.000

Type  : Slow 1100mV 85C Model Minimum Pulse Width 'clk'
Slack : -3.000
TNS   : -31643.568

Type  : Slow 1100mV 0C Model Setup 'clk'
Slack : -7.570
TNS   : -65362.093

Type  : Slow 1100mV 0C Model Hold 'clk'
Slack : 0.089
TNS   : 0.000

Type  : Slow 1100mV 0C Model Recovery 'clk'
Slack : -0.179
TNS   : -2.454

Type  : Slow 1100mV 0C Model Removal 'clk'
Slack : 0.619
TNS   : 0.000

Type  : Slow 1100mV 0C Model Minimum Pulse Width 'clk'
Slack : -3.000
TNS   : -33510.698

Type  : Fast 1100mV 85C Model Setup 'clk'
Slack : -3.752
TNS   : -25967.660

Type  : Fast 1100mV 85C Model Hold 'clk'
Slack : 0.129
TNS   : 0.000

Type  : Fast 1100mV 85C Model Recovery 'clk'
Slack : 0.443
TNS   : 0.000

Type  : Fast 1100mV 85C Model Removal 'clk'
Slack : 0.289
TNS   : 0.000

Type  : Fast 1100mV 85C Model Minimum Pulse Width 'clk'
Slack : -2.225
TNS   : -11717.674

Type  : Fast 1100mV 0C Model Setup 'clk'
Slack : -3.240
TNS   : -22457.167

Type  : Fast 1100mV 0C Model Hold 'clk'
Slack : 0.064
TNS   : 0.000

Type  : Fast 1100mV 0C Model Recovery 'clk'
Slack : 0.479
TNS   : 0.000

Type  : Fast 1100mV 0C Model Removal 'clk'
Slack : 0.261
TNS   : 0.000

Type  : Fast 1100mV 0C Model Minimum Pulse Width 'clk'
Slack : -2.225
TNS   : -11721.753

------------------------------------------------------------
